version https://git-lfs.github.com/spec/v1
oid sha256:cfa345b91e7e66d4433b713ebbaaa0b5cc7402724fc36f94c4f40cf785e416c4
size 46743022
